[2026-02-11 20:22:58] Запуск обновления плейлиста Sefon...
[2026-02-11 20:23:05] Найдено песен: 20
[2026-02-11 20:23:08] Добавлено: Limp Bizkit - Take A Look Around
[2026-02-11 20:23:10] Добавлено: Five Finger Death Punch - Top Of The World
[2026-02-11 20:23:12] Добавлено: In This Moment - Blood
[2026-02-11 20:23:14] Добавлено: Deftones - Doomed User
[2026-02-11 20:23:16] Добавлено: Bad Wolves - Officer Down
[2026-02-11 20:23:18] Добавлено: Korn - Love & Meth
[2026-02-11 20:23:20] Добавлено: Attila - Blackout
[2026-02-11 20:23:22] Добавлено: Korn - Hater
[2026-02-11 20:23:24] Добавлено: Drowning Pool - Tear Away
[2026-02-11 20:23:26] Добавлено: Element Eighty - Broken Promises
[2026-02-11 20:23:28] Добавлено: Love And Death - Lo Lamento
[2026-02-11 20:23:30] Добавлено: Spineshank - Nothing Left For Me
[2026-02-11 20:23:32] Добавлено: Venaculas - Open Your Eyes
[2026-02-11 20:23:35] Добавлено: Otep - Lords Of War
[2026-02-11 20:23:37] Добавлено: СoldCoda - My Flame
[2026-02-11 20:23:39] Добавлено: Мегамасс - Коля
[2026-02-11 20:23:41] Добавлено: Infected Rain - Intoxicating
[2026-02-11 20:23:43] Добавлено: Ventana - Pledge Your Allegiance
[2026-02-11 20:23:45] Добавлено: Maximum The Hormone - Yoshu Fukushu
[2026-02-11 20:23:47] Добавлено: Anti-Clone - Switchblade
[2026-02-11 20:23:47] Готово! Сохранено в /home/napalm/Documents/config/numetal_sefon.m3u
[2026-02-12 17:38:19] Запуск обновления плейлиста Sefon...
[2026-02-12 17:38:27] Найдено песен: 20
[2026-02-12 17:38:29] Добавлено: Limp Bizkit - Take A Look Around
[2026-02-12 17:38:31] Добавлено: Five Finger Death Punch - Top Of The World
[2026-02-12 17:38:33] Добавлено: In This Moment - Blood
[2026-02-12 17:38:36] Добавлено: Deftones - Doomed User
[2026-02-12 17:38:38] Добавлено: Bad Wolves - Officer Down
[2026-02-12 17:38:40] Добавлено: Korn - Love & Meth
[2026-02-12 17:38:42] Добавлено: Attila - Blackout
[2026-02-12 17:38:44] Добавлено: Korn - Hater
[2026-02-12 17:38:46] Добавлено: Drowning Pool - Tear Away
[2026-02-12 17:38:48] Добавлено: Element Eighty - Broken Promises
[2026-02-12 17:38:50] Добавлено: Love And Death - Lo Lamento
[2026-02-12 17:38:52] Добавлено: Spineshank - Nothing Left For Me
[2026-02-12 17:38:54] Добавлено: Venaculas - Open Your Eyes
[2026-02-12 17:38:56] Добавлено: Otep - Lords Of War
[2026-02-12 17:38:58] Добавлено: СoldCoda - My Flame
[2026-02-12 17:39:01] Добавлено: Мегамасс - Коля
[2026-02-12 17:39:03] Добавлено: Infected Rain - Intoxicating
[2026-02-12 17:39:05] Добавлено: Ventana - Pledge Your Allegiance
[2026-02-12 17:39:07] Добавлено: Maximum The Hormone - Yoshu Fukushu
[2026-02-12 17:39:09] Добавлено: Anti-Clone - Switchblade
[2026-02-12 17:39:09] Готово! Сохранено в /home/napalm/Documents/config/numetal_sefon.m3u
[2026-02-12 20:02:55] Запуск обновления плейлиста Sefon...
[2026-02-12 20:03:04] Найдено песен: 20
[2026-02-12 20:03:06] Добавлено: Limp Bizkit - Take A Look Around
[2026-02-12 20:03:08] Добавлено: Five Finger Death Punch - Top Of The World
[2026-02-12 20:03:10] Добавлено: In This Moment - Blood
[2026-02-12 20:03:12] Добавлено: Deftones - Doomed User
[2026-02-12 20:03:15] Добавлено: Bad Wolves - Officer Down
[2026-02-12 20:03:17] Добавлено: Korn - Love & Meth
[2026-02-12 20:03:19] Добавлено: Attila - Blackout
[2026-02-12 20:03:21] Добавлено: Korn - Hater
[2026-02-12 20:03:23] Добавлено: Drowning Pool - Tear Away
[2026-02-12 20:03:25] Добавлено: Element Eighty - Broken Promises
[2026-02-12 20:03:27] Добавлено: Love And Death - Lo Lamento
[2026-02-12 20:03:30] Добавлено: Spineshank - Nothing Left For Me
[2026-02-12 20:03:32] Добавлено: Venaculas - Open Your Eyes
[2026-02-12 20:03:34] Добавлено: Otep - Lords Of War
[2026-02-12 20:03:36] Добавлено: СoldCoda - My Flame
[2026-02-12 20:03:38] Добавлено: Мегамасс - Коля
[2026-02-12 20:03:40] Добавлено: Infected Rain - Intoxicating
[2026-02-12 20:03:42] Добавлено: Ventana - Pledge Your Allegiance
[2026-02-12 20:03:45] Добавлено: Maximum The Hormone - Yoshu Fukushu
[2026-02-12 20:03:47] Добавлено: Anti-Clone - Switchblade
[2026-02-12 20:03:47] Готово! Сохранено в /home/napalm/Documents/config/numetal_sefon.m3u
[2026-02-16 02:01:04] Запуск обновления плейлиста Sefon...
[2026-02-16 02:01:11] Найдено песен: 20
[2026-02-16 02:01:14] Добавлено: Limp Bizkit - Take A Look Around
[2026-02-16 02:01:16] Добавлено: Five Finger Death Punch - Top Of The World
[2026-02-16 02:01:18] Добавлено: In This Moment - Blood
[2026-02-16 02:01:20] Добавлено: Deftones - Doomed User
[2026-02-16 02:01:22] Добавлено: Bad Wolves - Officer Down
[2026-02-16 02:01:24] Добавлено: Korn - Love & Meth
[2026-02-16 02:01:26] Добавлено: Attila - Blackout
[2026-02-16 02:01:28] Добавлено: Korn - Hater
[2026-02-16 02:01:30] Добавлено: Drowning Pool - Tear Away
[2026-02-16 02:01:32] Добавлено: Element Eighty - Broken Promises
[2026-02-16 02:01:34] Добавлено: Love And Death - Lo Lamento
[2026-02-16 02:01:37] Добавлено: Spineshank - Nothing Left For Me
[2026-02-16 02:01:39] Добавлено: Venaculas - Open Your Eyes
[2026-02-16 02:01:41] Добавлено: Otep - Lords Of War
[2026-02-16 02:01:43] Добавлено: СoldCoda - My Flame
[2026-02-16 02:01:45] Добавлено: Мегамасс - Коля
[2026-02-16 02:01:47] Добавлено: Infected Rain - Intoxicating
[2026-02-16 02:01:49] Добавлено: Ventana - Pledge Your Allegiance
[2026-02-16 02:01:51] Добавлено: Maximum The Hormone - Yoshu Fukushu
[2026-02-16 02:01:53] Добавлено: Anti-Clone - Switchblade
[2026-02-16 02:01:53] Готово! Сохранено в /home/napalm/Documents/config/numetal_sefon.m3u
